// Jest Snapshot v1, https://goo.gl/fbAQLP

exports[`Movie.vue should render Movie with correct contents 1`] = `
<article class="media">
    <figure class="media-left">
        <img src="/poster.jpg">
    </figure>
    <div class="media-content">
        <div class="content"><strong>A movie title</strong>
            <br>
            <small>A movie subtitle</small>
            <p class="abstract">Lorem Ipsum</p>
            <button>14:00</button>
        </div>
    </div>
</article>
`;
